GDTEST_ANALYZER_ERROR
Invalid cast. Enum "cast_enum_bad_int.gd::MyEnum" does not have enum value 2.
