GDTEST_ANALYZER_ERROR
Value of type "MyOtherEnum (enum)" cannot be assigned to a variable of type "MyEnum (enum)".
