GDTEST_ANALYZER_ERROR
Cannot return value of type "enum_function_return_wrong_type.gd::MyOtherEnum" because the function return type is "enum_function_return_wrong_type.gd::MyEnum".
