GDTEST_ANALYZER_ERROR
Cannot assign a value of type enum_unnamed_assign_to_named.gd::<anonymous enum> to variable "local_var" with specified type enum_unnamed_assign_to_named.gd::MyEnum.
