GDTEST_ANALYZER_ERROR
Value of type "enum_value_from_parent.gd::<anonymous enum>" cannot be assigned to a variable of type "enum_preload_unnamed_assign_to_named.gd::MyEnum".
