GDTEST_ANALYZER_ERROR
Cannot assign a value of type "MyOtherEnum (enum)" to a target of type "MyEnum (enum)".
