GDTEST_ANALYZER_ERROR
The function signature doesn't match the parent. Parent signature is "int my_function(int = default)".
