GDTEST_ANALYZER_ERROR
Cannot get index "true" from "[0, 1]".
