GDTEST_ANALYZER_ERROR
Cannot call virtual function "_get_property_list()" because it hasn't been defined.
