GDTEST_OK
Inner._static_init inner
InnerInner._static_init inner inner
data: data
perm: 0
prop: prefix Hello! suffix
perm: 1
prop: prefix World! suffix
other.perm:0
other.prop:prefix Hello! suffix
other.perm:2
other.prop:prefix foo suffix
load.perm:0
load.prop:prefix Hello! suffix
load.perm:3
load.prop:prefix bar suffix
