GDTEST_PARSER_ERROR
Annotation "@icon" is not allowed in this level.
