GDTEST_OK
>> WARNING
>> Line: 3
>> CONFUSABLE_IDENTIFIER
>> The identifier "pÎ¿rt" has misleading characters and might be confused with something else.
0 1
