GDTEST_OK
>> WARNING
>> Line: 5
>> INT_ASSIGNED_TO_ENUM
>> Integer used when an enum value is expected. If this is intended cast the integer to the enum type.
>> WARNING
>> Line: 9
>> INT_ASSIGNED_TO_ENUM
>> Integer used when an enum value is expected. If this is intended cast the integer to the enum type.
>> WARNING
>> Line: 12
>> INT_ASSIGNED_TO_ENUM
>> Integer used when an enum value is expected. If this is intended cast the integer to the enum type.
>> WARNING
>> Line: 14
>> INT_ASSIGNED_TO_ENUM
>> Integer used when an enum value is expected. If this is intended cast the integer to the enum type.
0
1
0
1
