GDTEST_OK
>> WARNING
>> Line: 6
>> RETURN_VALUE_DISCARDED
>> The function 'i_return_int()' returns a value, but this value is never used.
