GDTEST_OK
>> WARNING
>> Line: 2
>> UNUSED_PARAMETER
>>
